2026-09-17 05:42:12,508 - INFO - Matplotlib 字体设置：使用回退字体列表，首选可用字体: Noto Sans CJK SC
2026-09-17 05:42:13,590 - INFO - 使用指定 ChromeDriver: /usr/bin/chromedriver
2026-09-17 05:42:13,636 - INFO - ddddocr 识别器初始化成功
2026-09-17 05:42:13,710 - INFO - captcha-recognizer 滑块识别模型初始化成功
2026-09-17 05:42:13,710 - INFO - 开始南京大学电费监控流程（自动无头模式）
2026-09-17 05:42:13,710 - INFO - 已初始化并清空验证码图片目录: /home/runner/work/nju_electric_monitor/nju_electric_monitor/src/../data/captcha_workflow
2026-09-17 05:42:13,711 - WARNING - 非交互环境且未提供用户名，无法继续
2026-09-17 05:42:13,711 - INFO - 正在打开页面: https://epay.nju.edu.cn/epay/h5/nju/electric/index
2026-09-17 05:42:26,664 - INFO - 等待登录表单加载...
2026-09-17 05:42:26,670 - INFO - 登录表单已加载
2026-09-17 05:42:26,670 - INFO - 开始填写登录表单...
2026-09-17 05:42:26,707 - INFO - 用户名填写完成
2026-09-17 05:42:26,739 - INFO - 密码填写完成
2026-09-17 05:42:26,761 - INFO - 未检测到任何验证方式
2026-09-17 05:42:26,761 - INFO - 登录前验证方式检测: none
2026-09-17 05:42:26,761 - INFO - 未检测到传统验证码，点击登录按钮...
2026-09-17 05:42:26,761 - INFO - 查找并点击登录按钮...
2026-09-17 05:42:26,774 - INFO - 通过 ID=login_submit 找到登录按钮
2026-09-17 05:42:26,808 - INFO - 已点击登录按钮
2026-09-17 05:42:33,823 - INFO - 未检测到任何验证方式
2026-09-17 05:42:33,823 - INFO - 登录后验证方式检测: none
2026-09-17 05:42:33,823 - INFO - 未检测到滑块验证，等待登录成功...
2026-09-17 05:42:33,823 - INFO - 等待登录成功...
2026-09-17 05:42:33,830 - INFO - 检测到已跳转到电费页面: https://authserver.nju.edu.cn/authserver/login?service=https%3A%2F%2Fepay.nju.edu.cn%3A443%2Fepay%2Fh5%2Fnju%2Felectric%2Findex
2026-09-17 05:42:33,830 - INFO - 等待登录成功...
2026-09-17 05:42:33,835 - INFO - 检测到已跳转到电费页面: https://authserver.nju.edu.cn/authserver/login?service=https%3A%2F%2Fepay.nju.edu.cn%3A443%2Fepay%2Fh5%2Fnju%2Felectric%2Findex
2026-09-17 05:42:33,835 - INFO - 查找'去充值'按钮...
2026-09-17 05:42:33,843 - WARNING - 通过 CSS 选择器未找到'去充值'按钮 div.footer
2026-09-17 05:42:33,843 - ERROR - 未找到可点击的'去充值'按钮
2026-09-17 05:42:33,843 - WARNING - 点击充值按钮失败，尝试直接提取数据
2026-09-17 05:42:33,844 - INFO - 开始提取剩余电量信息...
2026-09-17 05:42:33,847 - WARNING - 未找到电量信息元素，尝试其他方法...
2026-09-17 05:42:33,851 - WARNING - 未找到i标签中的电量信息，尝试其他方法...
2026-09-17 05:42:33,854 - INFO - 在页面源码中查找电量信息...
2026-09-17 05:42:33,858 - WARNING - 未能提取到剩余电量信息
2026-09-17 05:42:33,858 - ERROR - 提取剩余电量失败，认为本次监控流程未成功，将交由上层重试
