2026-08-25 13:46:26,547 - INFO - Matplotlib 字体设置：使用回退字体列表，首选可用字体: Noto Sans CJK SC
2026-08-25 13:46:28,528 - INFO - 使用指定 ChromeDriver: /usr/bin/chromedriver
2026-08-25 13:46:28,611 - INFO - ddddocr 识别器初始化成功
2026-08-25 13:46:28,757 - INFO - captcha-recognizer 滑块识别模型初始化成功
2026-08-25 13:46:28,757 - INFO - 开始南京大学电费监控流程（自动无头模式）
2026-08-25 13:46:28,758 - INFO - 已初始化并清空验证码图片目录: /home/runner/work/nju_electric_monitor/nju_electric_monitor/src/../data/captcha_workflow
2026-08-25 13:46:28,758 - WARNING - 非交互环境且未提供用户名，无法继续
2026-08-25 13:46:28,758 - INFO - 正在打开页面: https://epay.nju.edu.cn/epay/h5/nju/electric/index
2026-08-25 13:46:37,760 - INFO - 等待登录表单加载...
2026-08-25 13:46:38,432 - INFO - 登录表单已加载
2026-08-25 13:46:38,433 - INFO - 开始填写登录表单...
2026-08-25 13:46:38,501 - INFO - 用户名填写完成
2026-08-25 13:46:38,558 - INFO - 密码填写完成
2026-08-25 13:46:38,592 - INFO - 未检测到任何验证方式
2026-08-25 13:46:38,592 - INFO - 登录前验证方式检测: none
2026-08-25 13:46:38,592 - INFO - 未检测到传统验证码，点击登录按钮...
2026-08-25 13:46:38,592 - INFO - 查找并点击登录按钮...
2026-08-25 13:46:38,613 - INFO - 通过 ID=login_submit 找到登录按钮
2026-08-25 13:46:38,661 - INFO - 已点击登录按钮
2026-08-25 13:46:45,684 - INFO - 未检测到任何验证方式
2026-08-25 13:46:45,684 - INFO - 登录后验证方式检测: none
2026-08-25 13:46:45,684 - INFO - 未检测到滑块验证，等待登录成功...
2026-08-25 13:46:45,684 - INFO - 等待登录成功...
2026-08-25 13:46:45,693 - INFO - 检测到已跳转到电费页面: https://authserver.nju.edu.cn/authserver/login?service=https%3A%2F%2Fepay.nju.edu.cn%3A443%2Fepay%2Fh5%2Fnju%2Felectric%2Findex
2026-08-25 13:46:45,693 - INFO - 等待登录成功...
2026-08-25 13:46:45,702 - INFO - 检测到已跳转到电费页面: https://authserver.nju.edu.cn/authserver/login?service=https%3A%2F%2Fepay.nju.edu.cn%3A443%2Fepay%2Fh5%2Fnju%2Felectric%2Findex
2026-08-25 13:46:45,702 - INFO - 查找'去充值'按钮...
2026-08-25 13:46:45,716 - WARNING - 通过 CSS 选择器未找到'去充值'按钮 div.footer
2026-08-25 13:46:45,716 - ERROR - 未找到可点击的'去充值'按钮
2026-08-25 13:46:45,716 - WARNING - 点击充值按钮失败，尝试直接提取数据
2026-08-25 13:46:45,716 - INFO - 开始提取剩余电量信息...
2026-08-25 13:46:45,722 - WARNING - 未找到电量信息元素，尝试其他方法...
2026-08-25 13:46:45,728 - WARNING - 未找到i标签中的电量信息，尝试其他方法...
2026-08-25 13:46:45,735 - INFO - 在页面源码中查找电量信息...
2026-08-25 13:46:45,744 - WARNING - 未能提取到剩余电量信息
2026-08-25 13:46:45,744 - ERROR - 提取剩余电量失败，认为本次监控流程未成功，将交由上层重试
